
≡ƒº¬ RUNNING FULL END-TO-END TEST

Γ£à 1. Login OK ΓÇö role: admin
Γ£à 2. Report Lost Item OK ΓÇö id: 50
Γ£à 3. Report Found Item (with mask) OK ΓÇö id: 19 | imageUrl: uploads/originals/masked_1772816099345-test-image.png
Γ£à 4. Init Claim OK ΓÇö claimId: 7
Γ£à 5. Submit Verification OK ΓÇö status: finder_review
Γ£à 6. Finder Claims OK ΓÇö count: 7
Γ£à 7. Finder Approve OK ΓÇö status: approved
Γ£à 8. Chat Send OK ΓÇö messageId: 3
Γ£à 9. My Claims OK ΓÇö count: 7

≡ƒÅü TEST COMPLETE

